[     279ms] [WARNING] <meta name="apple-mobile-web-app-capable" content="yes"> is deprecated. Please include <meta name="mobile-web-app-capable" content="yes"> @ http://localhost:6006/iframe.html?id=charts-candlestickchart--btc-real-sample&viewMode=story:0
[     775ms] [LOG] [vite] server connection lost. Polling for restart... @ http://localhost:6006/@vite/client:963
[     782ms] [ERROR] WebSocket connection to 'ws://localhost:6006/' failed: Error in connection establishment: net::ERR_CONNECTION_REFUSED @ http://localhost:6006/@vite/client:1034
[    1318ms] [INFO] %cDownload the React DevTools for a better development experience: https://reactjs.org/link/react-devtools font-weight:bold @ http://localhost:6006/node_modules/.cache/storybook/10.5.6/1c3385a5d25e538d10b518b310c74d3ca2690b6aaffeadccd74da79736171f86/sb-vite/deps/chunk-N4LOGA4R.js?v=f9be5fc6:21608
[    1844ms] [ERROR] WebSocket connection to 'ws://localhost:6006/' failed: Error in connection establishment: net::ERR_CONNECTION_REFUSED @ http://localhost:6006/@vite/client:1034
[    2848ms] [ERROR] WebSocket connection to 'ws://localhost:6006/' failed: Error in connection establishment: net::ERR_CONNECTION_REFUSED @ http://localhost:6006/@vite/client:1034
[    3851ms] [ERROR] WebSocket connection to 'ws://localhost:6006/' failed: Error in connection establishment: net::ERR_CONNECTION_REFUSED @ http://localhost:6006/@vite/client:1034
[    4854ms] [ERROR] WebSocket connection to 'ws://localhost:6006/' failed: Error in connection establishment: net::ERR_CONNECTION_REFUSED @ http://localhost:6006/@vite/client:1034
[    5857ms] [ERROR] WebSocket connection to 'ws://localhost:6006/' failed: Error in connection establishment: net::ERR_CONNECTION_REFUSED @ http://localhost:6006/@vite/client:1034
[    6860ms] [ERROR] WebSocket connection to 'ws://localhost:6006/' failed: Error in connection establishment: net::ERR_CONNECTION_REFUSED @ http://localhost:6006/@vite/client:1034
[    7863ms] [ERROR] WebSocket connection to 'ws://localhost:6006/' failed: Error in connection establishment: net::ERR_CONNECTION_REFUSED @ http://localhost:6006/@vite/client:1034
[    8867ms] [ERROR] WebSocket connection to 'ws://localhost:6006/' failed: Error in connection establishment: net::ERR_CONNECTION_REFUSED @ http://localhost:6006/@vite/client:1034
[    9869ms] [ERROR] WebSocket connection to 'ws://localhost:6006/' failed: Error in connection establishment: net::ERR_CONNECTION_REFUSED @ http://localhost:6006/@vite/client:1034
[   10871ms] [ERROR] WebSocket connection to 'ws://localhost:6006/' failed: Error in connection establishment: net::ERR_CONNECTION_REFUSED @ http://localhost:6006/@vite/client:1034
[   11874ms] [ERROR] WebSocket connection to 'ws://localhost:6006/' failed: Error in connection establishment: net::ERR_CONNECTION_REFUSED @ http://localhost:6006/@vite/client:1034
[   12877ms] [ERROR] WebSocket connection to 'ws://localhost:6006/' failed: Error in connection establishment: net::ERR_CONNECTION_REFUSED @ http://localhost:6006/@vite/client:1034
[   13879ms] [ERROR] WebSocket connection to 'ws://localhost:6006/' failed: Error in connection establishment: net::ERR_CONNECTION_REFUSED @ http://localhost:6006/@vite/client:1034
[   14882ms] [ERROR] WebSocket connection to 'ws://localhost:6006/' failed: Error in connection establishment: net::ERR_CONNECTION_REFUSED @ http://localhost:6006/@vite/client:1034
[   15885ms] [ERROR] WebSocket connection to 'ws://localhost:6006/' failed: Error in connection establishment: net::ERR_CONNECTION_REFUSED @ http://localhost:6006/@vite/client:1034
[   16929ms] [ERROR] WebSocket connection to 'ws://localhost:6006/' failed: Error in connection establishment: net::ERR_CONNECTION_REFUSED @ http://localhost:6006/@vite/client:1034
[   17932ms] [ERROR] WebSocket connection to 'ws://localhost:6006/' failed: Error in connection establishment: net::ERR_CONNECTION_REFUSED @ http://localhost:6006/@vite/client:1034
[   18933ms] [ERROR] WebSocket connection to 'ws://localhost:6006/' failed: Error in connection establishment: net::ERR_CONNECTION_REFUSED @ http://localhost:6006/@vite/client:1034
[   19936ms] [ERROR] WebSocket connection to 'ws://localhost:6006/' failed: Error in connection establishment: net::ERR_CONNECTION_REFUSED @ http://localhost:6006/@vite/client:1034
[   20939ms] [ERROR] WebSocket connection to 'ws://localhost:6006/' failed: Error in connection establishment: net::ERR_CONNECTION_REFUSED @ http://localhost:6006/@vite/client:1034
[   21941ms] [ERROR] WebSocket connection to 'ws://localhost:6006/' failed: Error in connection establishment: net::ERR_CONNECTION_REFUSED @ http://localhost:6006/@vite/client:1034
[   22944ms] [ERROR] WebSocket connection to 'ws://localhost:6006/' failed: Error in connection establishment: net::ERR_CONNECTION_REFUSED @ http://localhost:6006/@vite/client:1034
[   23946ms] [ERROR] WebSocket connection to 'ws://localhost:6006/' failed: Error in connection establishment: net::ERR_CONNECTION_REFUSED @ http://localhost:6006/@vite/client:1034
[   24948ms] [ERROR] WebSocket connection to 'ws://localhost:6006/' failed: Error in connection establishment: net::ERR_CONNECTION_REFUSED @ http://localhost:6006/@vite/client:1034
[   25951ms] [ERROR] WebSocket connection to 'ws://localhost:6006/' failed: Error in connection establishment: net::ERR_CONNECTION_REFUSED @ http://localhost:6006/@vite/client:1034
[   26954ms] [ERROR] WebSocket connection to 'ws://localhost:6006/' failed: Error in connection establishment: net::ERR_CONNECTION_REFUSED @ http://localhost:6006/@vite/client:1034
[   27957ms] [ERROR] WebSocket connection to 'ws://localhost:6006/' failed: Error in connection establishment: net::ERR_CONNECTION_REFUSED @ http://localhost:6006/@vite/client:1034
[   28960ms] [ERROR] WebSocket connection to 'ws://localhost:6006/' failed: Error in connection establishment: net::ERR_CONNECTION_REFUSED @ http://localhost:6006/@vite/client:1034
[   29962ms] [ERROR] WebSocket connection to 'ws://localhost:6006/' failed: Error in connection establishment: net::ERR_CONNECTION_REFUSED @ http://localhost:6006/@vite/client:1034
[   30967ms] [ERROR] WebSocket connection to 'ws://localhost:6006/' failed: Error in connection establishment: net::ERR_CONNECTION_REFUSED @ http://localhost:6006/@vite/client:1034
[   31969ms] [ERROR] WebSocket connection to 'ws://localhost:6006/' failed: Error in connection establishment: net::ERR_CONNECTION_REFUSED @ http://localhost:6006/@vite/client:1034
[   32972ms] [ERROR] WebSocket connection to 'ws://localhost:6006/' failed: Error in connection establishment: net::ERR_CONNECTION_REFUSED @ http://localhost:6006/@vite/client:1034
[   33975ms] [ERROR] WebSocket connection to 'ws://localhost:6006/' failed: Error in connection establishment: net::ERR_CONNECTION_REFUSED @ http://localhost:6006/@vite/client:1034
[   34977ms] [ERROR] WebSocket connection to 'ws://localhost:6006/' failed: Error in connection establishment: net::ERR_CONNECTION_REFUSED @ http://localhost:6006/@vite/client:1034
[   35980ms] [ERROR] WebSocket connection to 'ws://localhost:6006/' failed: Error in connection establishment: net::ERR_CONNECTION_REFUSED @ http://localhost:6006/@vite/client:1034
[   36379ms] [ERROR] WebSocket connection to 'ws://localhost:6006/?token=1fbj7bI3xL5j' failed: Error in connection establishment: net::ERR_CONNECTION_REFUSED @ http://localhost:6006/@vite/client:801
[   36381ms] [ERROR] [vite] failed to connect to websocket (Error: WebSocket closed without opened.).  @ http://localhost:6006/@vite/client:840
[   36386ms] Error: WebSocket closed without opened.
    at WebSocket.<anonymous> (http://localhost:6006/@vite/client:454:22)
[   36549ms] [ERROR] WebSocket connection to 'ws://localhost:6006/storybook-server-channel?token=e569b1d8-3a54-4de2-be38-f8a6708e9693' failed: Error in connection establishment: net::ERR_CONNECTION_REFUSED @ http://localhost:6006/node_modules/.cache/storybook/10.5.6/1c3385a5d25e538d10b518b310c74d3ca2690b6aaffeadccd74da79736171f86/sb-vite/deps/storybook_internal_preview_runtime.js?v=f9be5fc6:12523
[   36584ms] [WARNING] <meta name="apple-mobile-web-app-capable" content="yes"> is deprecated. Please include <meta name="mobile-web-app-capable" content="yes"> @ http://localhost:6006/iframe.html?id=charts-candlestickchart--strategy-tester&viewMode=story:0
[   37141ms] [INFO] %cDownload the React DevTools for a better development experience: https://reactjs.org/link/react-devtools font-weight:bold @ http://localhost:6006/node_modules/.cache/storybook/10.5.6/1c3385a5d25e538d10b518b310c74d3ca2690b6aaffeadccd74da79736171f86/sb-vite/deps/chunk-N4LOGA4R.js?v=f9be5fc6:21608
[   65819ms] [WARNING] <meta name="apple-mobile-web-app-capable" content="yes"> is deprecated. Please include <meta name="mobile-web-app-capable" content="yes"> @ http://localhost:6006/iframe.html?id=charts-candlestickchart--strategy-tester&viewMode=story:0
